Microchip MPLAB XC8 Compiler V1.33 ()

Linker command line:

--edf=/opt/microchip/xc8/v1.33/dat/en_msgs.txt -cs \
  -h+dist/default/debug/Projekt3.X.debug.sym \
  --cmf=dist/default/debug/Projekt3.X.debug.cmf -z -Q16F877A \
  -o/tmp/cgt1010OF -Mdist/default/debug/Projekt3.X.debug.map -E1 -ver=XC8 \
  -ASTACK=0110h-016fh -pstack=STACK -ACONST=00h-0FFhx31 \
  -ACODE=00h-07FFhx3,01800h-01EFFh -ASTRCODE=00h-01EFFh -AENTRY=00h-0FFhx31 \
  -ASTRING=00h-0FFhx31 -ACOMMON=071h-07Fh -ABANK0=020h-06Fh \
  -ABANK1=0A0h-0EFh -ABANK2=0110h-016Fh -ABANK3=0190h-01E4h \
  -ARAM=020h-06Fh,0A0h-0EFh,0110h-016Fh,0190h-01E4h \
  -AABS1=020h-07Fh,0A0h-0EFh,0110h-016Fh,0190h-01EFh -ASFR0=00h-01Fh \
  -ASFR1=080h-09Fh -ASFR2=0100h-010Fh -ASFR3=0180h-018Fh \
  -preset_vec=00h,intentry=04h,init,end_init -ppowerup=CODE -pcinit=CODE \
  -pfunctab=CODE -ACONFIG=02007h-02007h -pconfig=CONFIG -DCONFIG=2 \
  -AIDLOC=02000h-02003h -pidloc=IDLOC -DIDLOC=2 -AEEDATA=00h-0FFh/02100h \
  -peeprom_data=EEDATA -DEEDATA=2 -DCODE=2 -DSTRCODE=2 -DSTRING=2 -DCONST=2 \
  -DENTRY=2 -k /tmp/cgtCRaVam.obj dist/default/debug/Projekt3.X.debug.obj 

Object code version is 3.11

Machine type is 16F877A



                Name                               Link     Load   Length Selector   Space Scale
/tmp/cgtCRaVam.obj
                end_init                             12       12        3        8       0
                reset_vec                             0        0        4        0       0
                config                             2007     2007        1     400E       0
dist/default/debug/Projekt3.X.debug.obj
                cinit                               7D9      7D9       27      FB2       0
                intentry                              4        4        E        8       0
                text16                              5F5      5F5       27      BEA       0
                text15                              647      647       2F      C8E       0
                text14                              580      580       11      B00       0
                text13                              591      591       13      B22       0
                text12                              547      547        5      A8E       0
                text11                              676      676       80      CEC       0
                text10                              559      559        9      AB2       0
                text9                               5B7      5B7       1F      B6E       0
                text8                               61C      61C       2B      C38       0
                text7                               562      562        9      AC4       0
                text6                               5D6      5D6       1F      BAC       0
                text5                               5A4      5A4       13      B48       0
                text4                               54C      54C        5      A98       0
                text3                               56B      56B        A      AD6       0
                text2                               551      551        8      AA2       0
                text1                               575      575        B      AEA       0
                maintext                            6F6      6F6       E3      DEC       0
                cstackBANK0                          2D       2D        9       20       1
                cstackCOMMON                         71       71        C       71       1
                dataBANK0                            36       36        3       20       1
                bssBANK0                             20       20        D       20       1
                dataCOMMON                           7D       7D        1       71       1
                idataBANK0                          544      544        3      A88       0
                idataCOMMON                         543      543        1      A86       0

TOTAL           Name                               Link     Load   Length     Space
        CLASS   STACK          

        CLASS   CONST          

        CLASS   CODE           
                end_init                             12       12        3         0
                cinit                               7D9      7D9       27         0
                intentry                              4        4        E         0
                reset_vec                             0        0        4         0
                text16                              5F5      5F5       27         0
                text15                              647      647       2F         0
                text14                              580      580       11         0
                text13                              591      591       13         0
                text12                              547      547        5         0
                text11                              676      676       80         0
                text10                              559      559        9         0
                text9                               5B7      5B7       1F         0
                text8                               61C      61C       2B         0
                text7                               562      562        9         0
                text6                               5D6      5D6       1F         0
                text5                               5A4      5A4       13         0
                text4                               54C      54C        5         0
                text3                               56B      56B        A         0
                text2                               551      551        8         0
                text1                               575      575        B         0
                maintext                            6F6      6F6       E3         0
                idataBANK0                          544      544        3         0
                idataCOMMON                         543      543        1         0

        CLASS   STRCODE        

        CLASS   ENTRY          

        CLASS   STRING         

        CLASS   COMMON         
                cstackCOMMON                         71       71        C         1
                dataCOMMON                           7D       7D        1         1

        CLASS   BANK0          
                cstackBANK0                          2D       2D        9         1
                dataBANK0                            36       36        3         1
                bssBANK0                             20       20        D         1

        CLASS   BANK1          

        CLASS   BANK2          

        CLASS   BANK3          

        CLASS   RAM            

        CLASS   ABS1           
                abs_s1                               7E       7E        2         1

        CLASS   SFR0           

        CLASS   SFR1           

        CLASS   SFR2           

        CLASS   SFR3           

        CLASS   CONFIG         
                config                             2007     2007        1         0

        CLASS   IDLOC          

        CLASS   EEDATA         



SEGMENTS        Name                           Load    Length   Top    Selector   Space  Class     Delta

                reset_vec                      000000  000004  000004         0       0  CODE        2
                intentry                       000004  000011  000015         8       0  CODE        2
                bssBANK0                       000020  000019  000039        20       1  BANK0       1
                cstackCOMMON                   000071  00000D  00007E        71       1  COMMON      1
                idataCOMMON                    000543  000001  000544       A86       0  CODE        2
                idataBANK0                     000544  000003  000547       A88       0  CODE        2
                text12                         000547  000005  00054C       A8E       0  CODE        2
                text4                          00054C  000005  000551       A98       0  CODE        2
                text2                          000551  000008  000559       AA2       0  CODE        2
                text10                         000559  000009  000562       AB2       0  CODE        2
                text7                          000562  000009  00056B       AC4       0  CODE        2
                text3                          00056B  00000A  000575       AD6       0  CODE        2
                text1                          000575  00000B  000580       AEA       0  CODE        2
                text14                         000580  000011  000591       B00       0  CODE        2
                text13                         000591  000013  0005A4       B22       0  CODE        2
                text5                          0005A4  000013  0005B7       B48       0  CODE        2
                text9                          0005B7  00001F  0005D6       B6E       0  CODE        2
                text6                          0005D6  00001F  0005F5       BAC       0  CODE        2
                text16                         0005F5  000027  00061C       BEA       0  CODE        2
                text8                          00061C  00002B  000647       C38       0  CODE        2
                text15                         000647  00002F  000676       C8E       0  CODE        2
                text11                         000676  000080  0006F6       CEC       0  CODE        2
                maintext                       0006F6  0000E3  0007D9       DEC       0  CODE        2
                cinit                          0007D9  000027  000800       FB2       0  CODE        2
                config                         002007  000001  002008      400E       0  CONFIG      2


UNUSED ADDRESS RANGES

        Name                Unused          Largest block    Delta
        BANK0            0039-006F             37           1
        BANK1            00A0-00EF             50           1
        BANK2            0110-016F             60           1
        BANK3            0190-01E4             55           1
        CODE             0015-0542            52E           2
                         0800-1EFF            800
        CONST            0015-0542            100           2
                         0800-1EFF            100
        EEDATA           2100-21FF            100           2
        ENTRY            0015-0542            100           2
                         0800-1EFF            100
        IDLOC            2000-2003              4           2
        RAM              0039-006F             37           1
                         00A0-00EF             50
                         0110-016F             60
                         0190-01E4             55
        SFR0             0000-001F             20           1
        SFR1             0080-009F             20           1
        SFR2             0100-010F             10           1
        SFR3             0180-018F             10           1
        STACK            0110-016F             60           1
        STRCODE          0015-0542            52E           2
                         0800-1EFF           1700
        STRING           0015-0542            100           2
                         0800-1EFF            100

                                  Symbol Table

?_measure                       cstackCOMMON 0071
_ADCON0                         (abs)        001F
_ADCON0bits                     (abs)        001F
_ADCON1                         (abs)        009F
_ADRESH                         (abs)        001E
_ADRESL                         (abs)        009E
_AN0_max_napeti                 bssBANK0     0020
_AN0_napeti                     bssBANK0     0022
_INTCON                         (abs)        000B
_INTE                           (abs)        005C
_INTEDG                         (abs)        040E
_INTF                           (abs)        0059
_PIR2                           (abs)        000D
_PORTB                          (abs)        0006
_RB1                            (abs)        0031
_RBIE                           (abs)        005B
_RBIF                           (abs)        0058
_RD4                            (abs)        0044
_RD7                            (abs)        0047
_T1CKPS0                        (abs)        0084
_T1CKPS1                        (abs)        0085
_TMR1                           (abs)        000E
_TMR1CS                         (abs)        0081
_TMR1IF                         (abs)        0060
_TMR1ON                         (abs)        0080
_TRISA                          (abs)        0085
_TRISB                          (abs)        0086
_TRISD                          (abs)        0088
_TRISE0                         (abs)        0448
__CFG_BOREN$OFF                 (abs)        0000
__CFG_CP$OFF                    (abs)        0000
__CFG_CPD$OFF                   (abs)        0000
__CFG_FOSC$HS                   (abs)        0000
__CFG_LVP$OFF                   (abs)        0000
__CFG_PWRTE$ON                  (abs)        0000
__CFG_WDTE$OFF                  (abs)        0000
__CFG_WRT$OFF                   (abs)        0000
__Habs1                         abs1         0000
__Hbank0                        bank0        0000
__Hbank1                        bank1        0000
__Hbank2                        bank2        0000
__Hbank3                        bank3        0000
__HbssBANK0                     bssBANK0     0000
__Hcinit                        cinit        0800
__Hclrtext                      clrtext      0000
__Hcode                         code         0000
__Hcommon                       common       0000
__Hconfig                       config       2008
__HcstackBANK0                  cstackBANK0  0000
__HcstackCOMMON                 cstackCOMMON 0000
__HdataBANK0                    dataBANK0    0000
__HdataCOMMON                   dataCOMMON   0000
__Heeprom_data                  eeprom_data  0000
__Hend_init                     end_init     0015
__Hfunctab                      functab      0000
__HidataBANK0                   idataBANK0   0000
__HidataCOMMON                  idataCOMMON  0000
__Hidloc                        idloc        0000
__Hinit                         init         0012
__Hintentry                     intentry     0012
__Hmaintext                     maintext     0000
__Hpowerup                      powerup      0000
__Hram                          ram          0000
__Hreset_vec                    reset_vec    0004
__Hsfr0                         sfr0         0000
__Hsfr1                         sfr1         0000
__Hsfr2                         sfr2         0000
__Hsfr3                         sfr3         0000
__Hspace_0                      (abs)        2008
__Hspace_1                      (abs)        007E
__Hspace_2                      (abs)        0000
__Hspace_3                      (abs)        0000
__Hstack                        stack        0000
__Hstrings                      strings      0000
__Htext                         text         0000
__Labs1                         abs1         0000
__Lbank0                        bank0        0000
__Lbank1                        bank1        0000
__Lbank2                        bank2        0000
__Lbank3                        bank3        0000
__LbssBANK0                     bssBANK0     0000
__Lcinit                        cinit        07D9
__Lclrtext                      clrtext      0000
__Lcode                         code         0000
__Lcommon                       common       0000
__Lconfig                       config       2007
__LcstackBANK0                  cstackBANK0  0000
__LcstackCOMMON                 cstackCOMMON 0000
__LdataBANK0                    dataBANK0    0000
__LdataCOMMON                   dataCOMMON   0000
__Leeprom_data                  eeprom_data  0000
__Lend_init                     end_init     0012
__Lfunctab                      functab      0000
__LidataBANK0                   idataBANK0   0000
__LidataCOMMON                  idataCOMMON  0000
__Lidloc                        idloc        0000
__Linit                         init         0012
__Lintentry                     intentry     0004
__Lmaintext                     maintext     0000
__Lpowerup                      powerup      0000
__Lram                          ram          0000
__Lreset_vec                    reset_vec    0000
__Lsfr0                         sfr0         0000
__Lsfr1                         sfr1         0000
__Lsfr2                         sfr2         0000
__Lsfr3                         sfr3         0000
__Lspace_0                      (abs)        0000
__Lspace_1                      (abs)        0000
__Lspace_2                      (abs)        0000
__Lspace_3                      (abs)        0000
__Lstack                        stack        0000
__Lstrings                      strings      0000
__Ltext                         text         0000
__S0                            (abs)        2008
__S1                            (abs)        007E
__S2                            (abs)        0000
__S3                            (abs)        0000
___int_sp                       stack        0000
___latbits                      (abs)        0002
___sp                           stack        0000
__end_of__initialization        cinit        07FC
__end_of_adconverter_configure  text10       0562
__end_of_delay_10ms             text9        05D6
__end_of_delay_50ms             text8        0647
__end_of_is_motor_running       text7        056B
__end_of_je_kladny_smer         text16       061C
__end_of_main                   maintext     07D9
__end_of_measure                text15       0676
__end_of_measure_predelay_20ms  text6        05F5
__end_of_motor_direct_switch    text14       0591
__end_of_motor_start            text5        05B7
__end_of_motor_stop             text4        0551
__end_of_preruseni              text11       06F6
__end_of_set_in_out             text3        0575
__end_of_set_interrupts         text2        0559
__end_of_timer1_configure       text1        0580
__end_ofi1_motor_start          text13       05A4
__end_ofi1_motor_stop           text12       054C
__initialization                cinit        07D9
__pbssBANK0                     bssBANK0     0020
__pcstackBANK0                  cstackBANK0  002D
__pcstackCOMMON                 cstackCOMMON 0071
__pdataBANK0                    dataBANK0    0036
__pdataCOMMON                   dataCOMMON   007D
__pidataBANK0                   idataBANK0   0544
__pidataCOMMON                  idataCOMMON  0543
__pintentry                     intentry     0004
__pmaintext                     maintext     06F6
__ptext1                        text1        0575
__ptext10                       text10       0559
__ptext11                       text11       0676
__ptext12                       text12       0547
__ptext13                       text13       0591
__ptext14                       text14       0580
__ptext15                       text15       0647
__ptext16                       text16       05F5
__ptext2                        text2        0551
__ptext3                        text3        056B
__ptext4                        text4        054C
__ptext5                        text5        05A4
__ptext6                        text6        05D6
__ptext7                        text7        0562
__ptext8                        text8        061C
__ptext9                        text9        05B7
__size_of_adconverter_configure (abs)        0000
__size_of_delay_10ms            (abs)        0000
__size_of_delay_50ms            (abs)        0000
__size_of_is_motor_running      (abs)        0000
__size_of_je_kladny_smer        (abs)        0000
__size_of_main                  (abs)        0000
__size_of_measure               (abs)        0000
__size_of_measure_predelay_20ms (abs)        0000
__size_of_motor_direct_switch   (abs)        0000
__size_of_motor_start           (abs)        0000
__size_of_motor_stop            (abs)        0000
__size_of_preruseni             (abs)        0000
__size_of_set_in_out            (abs)        0000
__size_of_set_interrupts        (abs)        0000
__size_of_timer1_configure      (abs)        0000
__size_ofi1_motor_start         (abs)        0000
__size_ofi1_motor_stop          (abs)        0000
_adconverter_configure          text10       0559
_cas                            bssBANK0     0024
_delay_10ms                     text9        05B7
_delay_50ms                     text8        061C
_is_motor_running               text7        0562
_je_kladny_smer                 text16       05F5
_kontrolovat_smer               dataBANK0    0038
_main                           maintext     06F6
_measure                        text15       0647
_measure_predelay_20ms          text6        05D6
_merit                          bssBANK0     002A
_motor_direct_switch            text14       0580
_motor_start                    text5        05A4
_motor_stop                     text4        054C
_motor_x                        dataCOMMON   007D
_motor_y                        bssBANK0     002B
_pocet_rotaci                   bssBANK0     0026
_poloha_aktualni                dataBANK0    0036
_poloha_maximalni               bssBANK0     0028
_preruseni                      text11       0676
_rb                             bssBANK0     002C
_set_in_out                     text3        056B
_set_interrupts                 text2        0551
_timer1_configure               text1        0575
btemp                           (abs)        007E
delay_10ms@i                    cstackBANK0  0032
delay_50ms@i                    cstackBANK0  0032
end_of_initialization           cinit        07FC
i1_motor_start                  text13       0591
i1_motor_stop                   text12       0547
interrupt_function              intentry     0004
intlevel0                       functab      0000
intlevel1                       functab      0000
intlevel2                       functab      0000
intlevel3                       functab      0000
intlevel4                       functab      0000
intlevel5                       functab      0000
ltemp                           (abs)        007E
ltemp0                          (abs)        007E
ltemp1                          (abs)        0082
ltemp2                          (abs)        0086
ltemp3                          (abs)        0080
measure@value                   cstackCOMMON 007A
measure_predelay_20ms@i         cstackBANK0  0032
preruseni@tmp                   cstackCOMMON 007C
reset_vec                       reset_vec    0000
saved_w                         (abs)        007E
stackhi                         (abs)        0000
stacklo                         (abs)        0000
start                           init         0012
start_initialization            cinit        07D9
ttemp                           (abs)        007E
ttemp0                          (abs)        007E
ttemp1                          (abs)        0081
ttemp2                          (abs)        0084
ttemp3                          (abs)        0087
ttemp4                          (abs)        007F
wtemp                           (abs)        007E
wtemp0                          (abs)        007E
wtemp1                          (abs)        0080
wtemp2                          (abs)        0082
wtemp3                          (abs)        0084
wtemp4                          (abs)        0086
wtemp5                          (abs)        0088
wtemp6                          (abs)        007F


FUNCTION INFORMATION:

 *************** function _main *****************
 Defined at:
		line 217 in file "main.c"
 Parameters:    Size  Location     Type
		None
 Auto vars:     Size  Location     Type
		None
 Return value:  Size  Location     Type
		None               void
 Registers used:
		wreg, status,2, status,0, btemp+1, pclath, cstack
 Tracked objects:
		On entry : 
		On exit  : 
		Unchanged: 
 Data sizes:     COMMON   BANK0   BANK1   BANK3   BANK2
      Params:         0       0       0       0       0
      Locals:         0       0       0       0       0
      Temps:          0       2       0       0       0
      Totals:         0       2       0       0       0
Total ram usage:        2 bytes
 Hardware stack levels required when called:    3
 This function calls:
		_adconverter_configure
		_delay_10ms
		_delay_50ms
		_is_motor_running
		_measure_predelay_20ms
		_motor_start
		_motor_stop
		_set_in_out
		_set_interrupts
		_timer1_configure
 This function is called by:
		Startup code after reset
 This function uses a non-reentrant model


 *************** function _timer1_configure *****************
 Defined at:
		line 174 in file "main.c"
 Parameters:    Size  Location     Type
		None
 Auto vars:     Size  Location     Type
		None
 Return value:  Size  Location     Type
		None               void
 Registers used:
		None
 Tracked objects:
		On entry : 
		On exit  : 
		Unchanged: 
 Data sizes:     COMMON   BANK0   BANK1   BANK3   BANK2
      Params:         0       0       0       0       0
      Locals:         0       0       0       0       0
      Temps:          0       0       0       0       0
      Totals:         0       0       0       0       0
Total ram usage:        0 bytes
 Hardware stack levels used:    1
 Hardware stack levels required when called:    2
 This function calls:
		Nothing
 This function is called by:
		_main
 This function uses a non-reentrant model


 *************** function _set_interrupts *****************
 Defined at:
		line 78 in file "main.c"
 Parameters:    Size  Location     Type
		None
 Auto vars:     Size  Location     Type
		None
 Return value:  Size  Location     Type
		None               void
 Registers used:
		wreg, status,2
 Tracked objects:
		On entry : 
		On exit  : 
		Unchanged: 
 Data sizes:     COMMON   BANK0   BANK1   BANK3   BANK2
      Params:         0       0       0       0       0
      Locals:         0       0       0       0       0
      Temps:          0       0       0       0       0
      Totals:         0       0       0       0       0
Total ram usage:        0 bytes
 Hardware stack levels used:    1
 Hardware stack levels required when called:    2
 This function calls:
		Nothing
 This function is called by:
		_main
 This function uses a non-reentrant model


 *************** function _set_in_out *****************
 Defined at:
		line 63 in file "main.c"
 Parameters:    Size  Location     Type
		None
 Auto vars:     Size  Location     Type
		None
 Return value:  Size  Location     Type
		None               void
 Registers used:
		wreg, status,2
 Tracked objects:
		On entry : 
		On exit  : 
		Unchanged: 
 Data sizes:     COMMON   BANK0   BANK1   BANK3   BANK2
      Params:         0       0       0       0       0
      Locals:         0       0       0       0       0
      Temps:          0       0       0       0       0
      Totals:         0       0       0       0       0
Total ram usage:        0 bytes
 Hardware stack levels used:    1
 Hardware stack levels required when called:    2
 This function calls:
		Nothing
 This function is called by:
		_main
 This function uses a non-reentrant model


 *************** function _motor_stop *****************
 Defined at:
		line 43 in file "main.c"
 Parameters:    Size  Location     Type
		None
 Auto vars:     Size  Location     Type
		None
 Return value:  Size  Location     Type
		None               void
 Registers used:
		None
 Tracked objects:
		On entry : 
		On exit  : 
		Unchanged: 
 Data sizes:     COMMON   BANK0   BANK1   BANK3   BANK2
      Params:         0       0       0       0       0
      Locals:         0       0       0       0       0
      Temps:          0       0       0       0       0
      Totals:         0       0       0       0       0
Total ram usage:        0 bytes
 Hardware stack levels used:    1
 Hardware stack levels required when called:    2
 This function calls:
		Nothing
 This function is called by:
		_main
 This function uses a non-reentrant model


 *************** function _motor_start *****************
 Defined at:
		line 37 in file "main.c"
 Parameters:    Size  Location     Type
		None
 Auto vars:     Size  Location     Type
		None
 Return value:  Size  Location     Type
		None               void
 Registers used:
		None
 Tracked objects:
		On entry : 
		On exit  : 
		Unchanged: 
 Data sizes:     COMMON   BANK0   BANK1   BANK3   BANK2
      Params:         0       0       0       0       0
      Locals:         0       0       0       0       0
      Temps:          0       0       0       0       0
      Totals:         0       0       0       0       0
Total ram usage:        0 bytes
 Hardware stack levels used:    1
 Hardware stack levels required when called:    2
 This function calls:
		Nothing
 This function is called by:
		_main
 This function uses a non-reentrant model


 *************** function _measure_predelay_20ms *****************
 Defined at:
		line 207 in file "main.c"
 Parameters:    Size  Location     Type
		None
 Auto vars:     Size  Location     Type
  i               2    5[BANK0 ] int 
 Return value:  Size  Location     Type
		None               void
 Registers used:
		wreg, status,2, btemp+1
 Tracked objects:
		On entry : 
		On exit  : 
		Unchanged: 
 Data sizes:     COMMON   BANK0   BANK1   BANK3   BANK2
      Params:         0       0       0       0       0
      Locals:         0       2       0       0       0
      Temps:          0       0       0       0       0
      Totals:         0       2       0       0       0
Total ram usage:        2 bytes
 Hardware stack levels used:    1
 Hardware stack levels required when called:    2
 This function calls:
		Nothing
 This function is called by:
		_main
 This function uses a non-reentrant model


 *************** function _is_motor_running *****************
 Defined at:
		line 49 in file "main.c"
 Parameters:    Size  Location     Type
		None
 Auto vars:     Size  Location     Type
		None
 Return value:  Size  Location     Type
		None               void
 Registers used:
		status,2, status,0
 Tracked objects:
		On entry : 
		On exit  : 
		Unchanged: 
 Data sizes:     COMMON   BANK0   BANK1   BANK3   BANK2
      Params:         0       0       0       0       0
      Locals:         0       0       0       0       0
      Temps:          0       0       0       0       0
      Totals:         0       0       0       0       0
Total ram usage:        0 bytes
 Hardware stack levels used:    1
 Hardware stack levels required when called:    2
 This function calls:
		Nothing
 This function is called by:
		_main
 This function uses a non-reentrant model


 *************** function _delay_50ms *****************
 Defined at:
		line 196 in file "main.c"
 Parameters:    Size  Location     Type
		None
 Auto vars:     Size  Location     Type
  i               2    5[BANK0 ] int 
 Return value:  Size  Location     Type
		None               void
 Registers used:
		wreg, status,2, btemp+1
 Tracked objects:
		On entry : 
		On exit  : 
		Unchanged: 
 Data sizes:     COMMON   BANK0   BANK1   BANK3   BANK2
      Params:         0       0       0       0       0
      Locals:         0       2       0       0       0
      Temps:          0       0       0       0       0
      Totals:         0       2       0       0       0
Total ram usage:        2 bytes
 Hardware stack levels used:    1
 Hardware stack levels required when called:    2
 This function calls:
		Nothing
 This function is called by:
		_main
 This function uses a non-reentrant model


 *************** function _delay_10ms *****************
 Defined at:
		line 186 in file "main.c"
 Parameters:    Size  Location     Type
		None
 Auto vars:     Size  Location     Type
  i               2    5[BANK0 ] int 
 Return value:  Size  Location     Type
		None               void
 Registers used:
		wreg, status,2, btemp+1
 Tracked objects:
		On entry : 
		On exit  : 
		Unchanged: 
 Data sizes:     COMMON   BANK0   BANK1   BANK3   BANK2
      Params:         0       0       0       0       0
      Locals:         0       2       0       0       0
      Temps:          0       0       0       0       0
      Totals:         0       2       0       0       0
Total ram usage:        2 bytes
 Hardware stack levels used:    1
 Hardware stack levels required when called:    2
 This function calls:
		Nothing
 This function is called by:
		_main
 This function uses a non-reentrant model


 *************** function _adconverter_configure *****************
 Defined at:
		line 166 in file "main.c"
 Parameters:    Size  Location     Type
		None
 Auto vars:     Size  Location     Type
		None
 Return value:  Size  Location     Type
		None               void
 Registers used:
		wreg
 Tracked objects:
		On entry : 
		On exit  : 
		Unchanged: 
 Data sizes:     COMMON   BANK0   BANK1   BANK3   BANK2
      Params:         0       0       0       0       0
      Locals:         0       0       0       0       0
      Temps:          0       0       0       0       0
      Totals:         0       0       0       0       0
Total ram usage:        0 bytes
 Hardware stack levels used:    1
 Hardware stack levels required when called:    2
 This function calls:
		Nothing
 This function is called by:
		_main
 This function uses a non-reentrant model


 *************** function _preruseni *****************
 Defined at:
		line 122 in file "main.c"
 Parameters:    Size  Location     Type
		None
 Auto vars:     Size  Location     Type
  tmp             1   11[COMMON] unsigned char 
 Return value:  Size  Location     Type
		None               void
 Registers used:
		wreg, fsr0l, fsr0h, status,2, status,0, pclath, cstack
 Tracked objects:
		On entry : 
		On exit  : 
		Unchanged: 
 Data sizes:     COMMON   BANK0   BANK1   BANK3   BANK2
      Params:         0       0       0       0       0
      Locals:         1       0       0       0       0
      Temps:          0       5       0       0       0
      Totals:         1       5       0       0       0
Total ram usage:        6 bytes
 Hardware stack levels used:    1
 Hardware stack levels required when called:    1
 This function calls:
		_je_kladny_smer
		_measure
		_motor_direct_switch
		i1_motor_start
		i1_motor_stop
 This function is called by:
		Interrupt level 1
 This function uses a non-reentrant model


 *************** function i1_motor_stop *****************
 Defined at:
		line 43 in file "main.c"
 Parameters:    Size  Location     Type
		None
 Auto vars:     Size  Location     Type
		None
 Return value:  Size  Location     Type
		None               void
 Registers used:
		None
 Tracked objects:
		On entry : 
		On exit  : 
		Unchanged: 
 Data sizes:     COMMON   BANK0   BANK1   BANK3   BANK2
      Params:         0       0       0       0       0
      Locals:         0       0       0       0       0
      Temps:          0       0       0       0       0
      Totals:         0       0       0       0       0
Total ram usage:        0 bytes
 Hardware stack levels used:    1
 This function calls:
		Nothing
 This function is called by:
		_preruseni
 This function uses a non-reentrant model


 *************** function i1_motor_start *****************
 Defined at:
		line 37 in file "main.c"
 Parameters:    Size  Location     Type
		None
 Auto vars:     Size  Location     Type
		None
 Return value:  Size  Location     Type
		None               void
 Registers used:
		None
 Tracked objects:
		On entry : 
		On exit  : 
		Unchanged: 
 Data sizes:     COMMON   BANK0   BANK1   BANK3   BANK2
      Params:         0       0       0       0       0
      Locals:         0       0       0       0       0
      Temps:          0       0       0       0       0
      Totals:         0       0       0       0       0
Total ram usage:        0 bytes
 Hardware stack levels used:    1
 This function calls:
		Nothing
 This function is called by:
		_preruseni
 This function uses a non-reentrant model


 *************** function _motor_direct_switch *****************
 Defined at:
		line 57 in file "main.c"
 Parameters:    Size  Location     Type
		None
 Auto vars:     Size  Location     Type
		None
 Return value:  Size  Location     Type
		None               void
 Registers used:
		wreg
 Tracked objects:
		On entry : 
		On exit  : 
		Unchanged: 
 Data sizes:     COMMON   BANK0   BANK1   BANK3   BANK2
      Params:         0       0       0       0       0
      Locals:         0       0       0       0       0
      Temps:          1       0       0       0       0
      Totals:         1       0       0       0       0
Total ram usage:        1 bytes
 Hardware stack levels used:    1
 This function calls:
		Nothing
 This function is called by:
		_preruseni
 This function uses a non-reentrant model


 *************** function _measure *****************
 Defined at:
		line 90 in file "main.c"
 Parameters:    Size  Location     Type
		None
 Auto vars:     Size  Location     Type
  value           2    9[COMMON] int 
 Return value:  Size  Location     Type
                  2    0[COMMON] int 
 Registers used:
		wreg, status,2, status,0
 Tracked objects:
		On entry : 
		On exit  : 
		Unchanged: 
 Data sizes:     COMMON   BANK0   BANK1   BANK3   BANK2
      Params:         2       0       0       0       0
      Locals:         2       0       0       0       0
      Temps:          7       0       0       0       0
      Totals:        11       0       0       0       0
Total ram usage:       11 bytes
 Hardware stack levels used:    1
 This function calls:
		Nothing
 This function is called by:
		_preruseni
 This function uses a non-reentrant model


 *************** function _je_kladny_smer *****************
 Defined at:
		line 98 in file "main.c"
 Parameters:    Size  Location     Type
		None
 Auto vars:     Size  Location     Type
		None
 Return value:  Size  Location     Type
		None               void
 Registers used:
		wreg, fsr0l, fsr0h, status,2, status,0
 Tracked objects:
		On entry : 
		On exit  : 
		Unchanged: 
 Data sizes:     COMMON   BANK0   BANK1   BANK3   BANK2
      Params:         0       0       0       0       0
      Locals:         0       0       0       0       0
      Temps:          1       0       0       0       0
      Totals:         1       0       0       0       0
Total ram usage:        1 bytes
 Hardware stack levels used:    1
 This function calls:
		Nothing
 This function is called by:
		_preruseni
 This function uses a non-reentrant model



MODULE INFORMATION

Module		Function		Class		Link	Load	Size
shared
		__initializatio		CODE           	07D9	0000	35
		i1_motor_stop  		CODE           	0547	0000	5
		i1_motor_start 		CODE           	0591	0000	19

shared estimated size: 59

main.c
		_preruseni     		CODE           	0676	0000	128
		_motor_direct_s		CODE           	0580	0000	17
		_delay_50ms    		CODE           	061C	0000	43
		_measure       		CODE           	0647	0000	47
		_main          		CODE           	06F6	0000	227
		_delay_10ms    		CODE           	05B7	0000	31
		_motor_stop    		CODE           	054C	0000	5
		_motor_start   		CODE           	05A4	0000	19
		_is_motor_runni		CODE           	0562	0000	9
		_set_interrupts		CODE           	0551	0000	8
		_je_kladny_smer		CODE           	05F5	0000	39
		_adconverter_co		CODE           	0559	0000	9
		_measure_predel		CODE           	05D6	0000	31
		_set_in_out    		CODE           	056B	0000	10
		_timer1_configu		CODE           	0575	0000	11

main.c estimated size: 634

