Microchip MPLAB XC8 Compiler V1.33 ()

Linker command line:

--edf=/opt/microchip/xc8/v1.33/dat/en_msgs.txt -cs \
  -h+dist/default/production/Projekt2.X.production.sym \
  --cmf=dist/default/production/Projekt2.X.production.cmf -z -Q16F877A \
  -o/tmp/cgtkcfW6J -Mdist/default/production/Projekt2.X.production.map -E1 \
  -ver=XC8 -ASTACK=0110h-016fh -pstack=STACK -ACONST=00h-0FFhx32 \
  -ACODE=00h-07FFhx4 -ASTRCODE=00h-01FFFh -AENTRY=00h-0FFhx32 \
  -ASTRING=00h-0FFhx32 -ACOMMON=070h-07Fh -ABANK0=020h-06Fh \
  -ABANK1=0A0h-0EFh -ABANK2=0110h-016Fh -ABANK3=0190h-01EFh \
  -ARAM=020h-06Fh,0A0h-0EFh,0110h-016Fh,0190h-01EFh \
  -AABS1=020h-07Fh,0A0h-0EFh,0110h-016Fh,0190h-01EFh -ASFR0=00h-01Fh \
  -ASFR1=080h-09Fh -ASFR2=0100h-010Fh -ASFR3=0180h-018Fh \
  -preset_vec=00h,intentry,init,end_init -ppowerup=CODE -pcinit=CODE \
  -pfunctab=CODE -ACONFIG=02007h-02007h -pconfig=CONFIG -DCONFIG=2 \
  -AIDLOC=02000h-02003h -pidloc=IDLOC -DIDLOC=2 -AEEDATA=00h-0FFh/02100h \
  -peeprom_data=EEDATA -DEEDATA=2 -DCODE=2 -DSTRCODE=2 -DSTRING=2 -DCONST=2 \
  -DENTRY=2 -k /tmp/cgtXhKKxH.obj \
  dist/default/production/Projekt2.X.production.obj 

Object code version is 3.11

Machine type is 16F877A



                Name                               Link     Load   Length Selector   Space Scale
/tmp/cgtXhKKxH.obj
                end_init                              0        0        3        0       0
                config                             2007     2007        1     400E       0
dist/default/production/Projekt2.X.production.obj
                cinit                               7F6      7F6        A      FEC       0
                text12                              671      671        9      CE2       0
                text11                              6B4      6B4       1D      D68       0
                text10                              738      738       2F      E70       0
                text9                               70F      70F       29      E1E       0
                text8                               69F      69F       15      D3E       0
                text7                               6EE      6EE       21      DDC       0
                text6                               6D1      6D1       1D      DA2       0
                text5                               767      767       39      ECE       0
                text4                               66B      66B        6      CD6       0
                text3                               67A      67A        9      CF4       0
                text2                               68E      68E       11      D1C       0
                text1                               683      683        B      D06       0
                maintext                            7A0      7A0       56      F40       0
                cstackBANK0                          26       26        4       20       1
                cstackCOMMON                         70       70        D       70       1
                bssBANK0                             20       20        6       20       1

TOTAL           Name                               Link     Load   Length     Space
        CLASS   STACK          

        CLASS   CONST          

        CLASS   CODE           
                end_init                              0        0        3         0
                cinit                               7F6      7F6        A         0
                text12                              671      671        9         0
                text11                              6B4      6B4       1D         0
                text10                              738      738       2F         0
                text9                               70F      70F       29         0
                text8                               69F      69F       15         0
                text7                               6EE      6EE       21         0
                text6                               6D1      6D1       1D         0
                text5                               767      767       39         0
                text4                               66B      66B        6         0
                text3                               67A      67A        9         0
                text2                               68E      68E       11         0
                text1                               683      683        B         0
                maintext                            7A0      7A0       56         0

        CLASS   STRCODE        

        CLASS   ENTRY          

        CLASS   STRING         

        CLASS   COMMON         
                cstackCOMMON                         70       70        D         1

        CLASS   BANK0          
                cstackBANK0                          26       26        4         1
                bssBANK0                             20       20        6         1

        CLASS   BANK1          

        CLASS   BANK2          

        CLASS   BANK3          

        CLASS   RAM            

        CLASS   ABS1           
                abs_s1                               7E       7E        2         1

        CLASS   SFR0           

        CLASS   SFR1           

        CLASS   SFR2           

        CLASS   SFR3           

        CLASS   CONFIG         
                config                             2007     2007        1         0

        CLASS   IDLOC          

        CLASS   EEDATA         



SEGMENTS        Name                           Load    Length   Top    Selector   Space  Class     Delta

                reset_vec                      000000  000003  000003         0       0  CODE        2
                bssBANK0                       000020  00000A  00002A        20       1  BANK0       1
                cstackCOMMON                   000070  00000D  00007D        70       1  COMMON      1
                text4                          00066B  000006  000671       CD6       0  CODE        2
                text12                         000671  000009  00067A       CE2       0  CODE        2
                text3                          00067A  000009  000683       CF4       0  CODE        2
                text1                          000683  00000B  00068E       D06       0  CODE        2
                text2                          00068E  000011  00069F       D1C       0  CODE        2
                text8                          00069F  000015  0006B4       D3E       0  CODE        2
                text11                         0006B4  00001D  0006D1       D68       0  CODE        2
                text6                          0006D1  00001D  0006EE       DA2       0  CODE        2
                text7                          0006EE  000021  00070F       DDC       0  CODE        2
                text9                          00070F  000029  000738       E1E       0  CODE        2
                text10                         000738  00002F  000767       E70       0  CODE        2
                text5                          000767  000039  0007A0       ECE       0  CODE        2
                maintext                       0007A0  000056  0007F6       F40       0  CODE        2
                cinit                          0007F6  00000A  000800       FEC       0  CODE        2
                config                         002007  000001  002008      400E       0  CONFIG      2


UNUSED ADDRESS RANGES

        Name                Unused          Largest block    Delta
        BANK0            002A-006F             46           1
        BANK1            00A0-00EF             50           1
        BANK2            0110-016F             60           1
        BANK3            0190-01EF             60           1
        CODE             0003-066A            668           2
                         0800-1FFF            800
        COMMON           007D-007D              1           1
        CONST            0003-066A            100           2
                         0800-1FFF            100
        EEDATA           2100-21FF            100           2
        ENTRY            0003-066A            100           2
                         0800-1FFF            100
        IDLOC            2000-2003              4           2
        RAM              002A-006F             46           1
                         00A0-00EF             50
                         0110-016F             60
                         0190-01EF             60
        SFR0             0000-001F             20           1
        SFR1             0080-009F             20           1
        SFR2             0100-010F             10           1
        SFR3             0180-018F             10           1
        STACK            0110-016F             60           1
        STRCODE          0003-066A            668           2
                         0800-1FFF           1800
        STRING           0003-066A            100           2
                         0800-1FFF            100

                                  Symbol Table

?_check_disrupt                 cstackCOMMON 007B
?_measure                       cstackCOMMON 0070
_ADCON0                         (abs)        001F
_ADCON0bits                     (abs)        001F
_ADCON1                         (abs)        009F
_ADRESH                         (abs)        001E
_ADRESL                         (abs)        009E
_GIE                            (abs)        005F
_RD4                            (abs)        0044
_RD7                            (abs)        0047
_T1CKPS0                        (abs)        0084
_T1CKPS1                        (abs)        0085
_TMR1                           (abs)        000E
_TMR1CS                         (abs)        0081
_TMR1IF                         (abs)        0060
_TMR1ON                         (abs)        0080
_TRISA                          (abs)        0085
_TRISB4                         (abs)        0434
_TRISB5                         (abs)        0435
_TRISD                          (abs)        0088
_TRISE0                         (abs)        0448
__CFG_BOREN$OFF                 (abs)        0000
__CFG_CP$OFF                    (abs)        0000
__CFG_CPD$OFF                   (abs)        0000
__CFG_FOSC$HS                   (abs)        0000
__CFG_LVP$OFF                   (abs)        0000
__CFG_PWRTE$ON                  (abs)        0000
__CFG_WDTE$OFF                  (abs)        0000
__CFG_WRT$OFF                   (abs)        0000
__Habs1                         abs1         0000
__Hbank0                        bank0        0000
__Hbank1                        bank1        0000
__Hbank2                        bank2        0000
__Hbank3                        bank3        0000
__HbssBANK0                     bssBANK0     0000
__Hcinit                        cinit        0800
__Hclrtext                      clrtext      0000
__Hcode                         code         0000
__Hcommon                       common       0000
__Hconfig                       config       2008
__HcstackBANK0                  cstackBANK0  0000
__HcstackCOMMON                 cstackCOMMON 0000
__Heeprom_data                  eeprom_data  0000
__Hend_init                     end_init     0003
__Hfunctab                      functab      0000
__Hidloc                        idloc        0000
__Hinit                         init         0000
__Hintentry                     intentry     0000
__Hmaintext                     maintext     0000
__Hpowerup                      powerup      0000
__Hram                          ram          0000
__Hreset_vec                    reset_vec    0000
__Hsfr0                         sfr0         0000
__Hsfr1                         sfr1         0000
__Hsfr2                         sfr2         0000
__Hsfr3                         sfr3         0000
__Hspace_0                      (abs)        2008
__Hspace_1                      (abs)        007D
__Hspace_2                      (abs)        0000
__Hspace_3                      (abs)        0000
__Hstack                        stack        0000
__Hstrings                      strings      0000
__Htext                         text         0000
__Labs1                         abs1         0000
__Lbank0                        bank0        0000
__Lbank1                        bank1        0000
__Lbank2                        bank2        0000
__Lbank3                        bank3        0000
__LbssBANK0                     bssBANK0     0000
__Lcinit                        cinit        07F6
__Lclrtext                      clrtext      0000
__Lcode                         code         0000
__Lcommon                       common       0000
__Lconfig                       config       2007
__LcstackBANK0                  cstackBANK0  0000
__LcstackCOMMON                 cstackCOMMON 0000
__Leeprom_data                  eeprom_data  0000
__Lend_init                     end_init     0000
__Lfunctab                      functab      0000
__Lidloc                        idloc        0000
__Linit                         init         0000
__Lintentry                     intentry     0000
__Lmaintext                     maintext     0000
__Lpowerup                      powerup      0000
__Lram                          ram          0000
__Lreset_vec                    reset_vec    0000
__Lsfr0                         sfr0         0000
__Lsfr1                         sfr1         0000
__Lsfr2                         sfr2         0000
__Lsfr3                         sfr3         0000
__Lspace_0                      (abs)        0000
__Lspace_1                      (abs)        0000
__Lspace_2                      (abs)        0000
__Lspace_3                      (abs)        0000
__Lstack                        stack        0000
__Lstrings                      strings      0000
__Ltext                         text         0000
__S0                            (abs)        2008
__S1                            (abs)        007D
__S2                            (abs)        0000
__S3                            (abs)        0000
___int_sp                       stack        0000
___latbits                      (abs)        0002
___sp                           stack        0000
__end_of__initialization        cinit        07FC
__end_of_adconverter_configure  text12       067A
__end_of_check_disrupt          text9        0738
__end_of_main                   maintext     07F6
__end_of_measure                text10       0767
__end_of_measure_predelay_20ms  text11       06D1
__end_of_motor_run              text8        06B4
__end_of_motor_running_10s      text5        07A0
__end_of_motor_set              text4        0671
__end_of_motor_stop_1s          text7        070F
__end_of_ports_configure        text3        0683
__end_of_rotate_change          text2        069F
__end_of_time_delay_2s          text6        06EE
__end_of_timer1_configure       text1        068E
__initialization                cinit        07F6
__pbssBANK0                     bssBANK0     0020
__pcstackBANK0                  cstackBANK0  0026
__pcstackCOMMON                 cstackCOMMON 0070
__pmaintext                     maintext     07A0
__ptext0                        text0        0000
__ptext1                        text1        0683
__ptext10                       text10       0738
__ptext11                       text11       06B4
__ptext12                       text12       0671
__ptext2                        text2        068E
__ptext3                        text3        067A
__ptext4                        text4        066B
__ptext5                        text5        0767
__ptext6                        text6        06D1
__ptext7                        text7        06EE
__ptext8                        text8        069F
__ptext9                        text9        070F
__size_of_adconverter_configure (abs)        0000
__size_of_check_disrupt         (abs)        0000
__size_of_main                  (abs)        0000
__size_of_measure               (abs)        0000
__size_of_measure_predelay_20ms (abs)        0000
__size_of_motor_run             (abs)        0000
__size_of_motor_running_10s     (abs)        0000
__size_of_motor_set             (abs)        0000
__size_of_motor_stop_1s         (abs)        0000
__size_of_ports_configure       (abs)        0000
__size_of_rotate_change         (abs)        0000
__size_of_time_delay_2s         (abs)        0000
__size_of_timer1_configure      (abs)        0000
_adconverter_configure          text12       0671
_check_disrupt                  text9        070F
_main                           maintext     07A0
_measure                        text10       0738
_measure_predelay_20ms          text11       06B4
_motor                          bssBANK0     0020
_motor_run                      text8        069F
_motor_running_10s              text5        0767
_motor_set                      text4        066B
_motor_stop_1s                  text7        06EE
_ports_configure                text3        067A
_rotate_change                  text2        068E
_time_delay_2s                  text6        06D1
_timer1_configure               text1        0683
btemp                           (abs)        007E
end_of_initialization           cinit        07FC
intlevel0                       functab      0000
intlevel1                       functab      0000
intlevel2                       functab      0000
intlevel3                       functab      0000
intlevel4                       functab      0000
intlevel5                       functab      0000
ltemp                           (abs)        007E
ltemp0                          (abs)        007E
ltemp1                          (abs)        0082
ltemp2                          (abs)        0086
ltemp3                          (abs)        0080
measure@value                   cstackCOMMON 0079
measure_predelay_20ms@i         cstackCOMMON 0070
motor_running_10s@i             cstackBANK0  0028
motor_stop_1s@i                 cstackCOMMON 0070
reset_vec                       reset_vec    0000
stackhi                         (abs)        0000
stacklo                         (abs)        0000
start                           init         0000
start_initialization            cinit        07F6
time_delay_2s@i                 cstackCOMMON 0070
ttemp                           (abs)        007E
ttemp0                          (abs)        007E
ttemp1                          (abs)        0081
ttemp2                          (abs)        0084
ttemp3                          (abs)        0087
ttemp4                          (abs)        007F
wtemp                           (abs)        007E
wtemp0                          (abs)        007E
wtemp1                          (abs)        0080
wtemp2                          (abs)        0082
wtemp3                          (abs)        0084
wtemp4                          (abs)        0086
wtemp5                          (abs)        0088
wtemp6                          (abs)        007F


FUNCTION INFORMATION:

 *************** function _main *****************
 Defined at:
		line 165 in file "main.c"
 Parameters:    Size  Location     Type
		None
 Auto vars:     Size  Location     Type
		None
 Return value:  Size  Location     Type
		None               void
 Registers used:
		wreg, status,2, status,0, btemp+1, pclath, cstack
 Tracked objects:
		On entry : 
		On exit  : 
		Unchanged: 
 Data sizes:     COMMON   BANK0   BANK1   BANK3   BANK2
      Params:         0       0       0       0       0
      Locals:         0       0       0       0       0
      Temps:          0       0       0       0       0
      Totals:         0       0       0       0       0
Total ram usage:        0 bytes
 Hardware stack levels required when called:    3
 This function calls:
		_adconverter_configure
		_measure
		_measure_predelay_20ms
		_motor_run
		_motor_running_10s
		_motor_set
		_motor_stop_1s
		_ports_configure
		_rotate_change
		_timer1_configure
 This function is called by:
		Startup code after reset
 This function uses a non-reentrant model


 *************** function _timer1_configure *****************
 Defined at:
		line 73 in file "main.c"
 Parameters:    Size  Location     Type
		None
 Auto vars:     Size  Location     Type
		None
 Return value:  Size  Location     Type
		None               void
 Registers used:
		None
 Tracked objects:
		On entry : 
		On exit  : 
		Unchanged: 
 Data sizes:     COMMON   BANK0   BANK1   BANK3   BANK2
      Params:         0       0       0       0       0
      Locals:         0       0       0       0       0
      Temps:          0       0       0       0       0
      Totals:         0       0       0       0       0
Total ram usage:        0 bytes
 Hardware stack levels used:    1
 This function calls:
		Nothing
 This function is called by:
		_main
 This function uses a non-reentrant model


 *************** function _rotate_change *****************
 Defined at:
		line 44 in file "main.c"
 Parameters:    Size  Location     Type
		None
 Auto vars:     Size  Location     Type
		None
 Return value:  Size  Location     Type
		None               void
 Registers used:
		wreg
 Tracked objects:
		On entry : 
		On exit  : 
		Unchanged: 
 Data sizes:     COMMON   BANK0   BANK1   BANK3   BANK2
      Params:         0       0       0       0       0
      Locals:         0       0       0       0       0
      Temps:          1       0       0       0       0
      Totals:         1       0       0       0       0
Total ram usage:        1 bytes
 Hardware stack levels used:    1
 This function calls:
		Nothing
 This function is called by:
		_main
 This function uses a non-reentrant model


 *************** function _ports_configure *****************
 Defined at:
		line 63 in file "main.c"
 Parameters:    Size  Location     Type
		None
 Auto vars:     Size  Location     Type
		None
 Return value:  Size  Location     Type
		None               void
 Registers used:
		wreg, status,2
 Tracked objects:
		On entry : 
		On exit  : 
		Unchanged: 
 Data sizes:     COMMON   BANK0   BANK1   BANK3   BANK2
      Params:         0       0       0       0       0
      Locals:         0       0       0       0       0
      Temps:          0       0       0       0       0
      Totals:         0       0       0       0       0
Total ram usage:        0 bytes
 Hardware stack levels used:    1
 This function calls:
		Nothing
 This function is called by:
		_main
 This function uses a non-reentrant model


 *************** function _motor_set *****************
 Defined at:
		line 32 in file "main.c"
 Parameters:    Size  Location     Type
		None
 Auto vars:     Size  Location     Type
		None
 Return value:  Size  Location     Type
		None               void
 Registers used:
		status,2
 Tracked objects:
		On entry : 
		On exit  : 
		Unchanged: 
 Data sizes:     COMMON   BANK0   BANK1   BANK3   BANK2
      Params:         0       0       0       0       0
      Locals:         0       0       0       0       0
      Temps:          0       0       0       0       0
      Totals:         0       0       0       0       0
Total ram usage:        0 bytes
 Hardware stack levels used:    1
 This function calls:
		Nothing
 This function is called by:
		_main
 This function uses a non-reentrant model


 *************** function _motor_running_10s *****************
 Defined at:
		line 125 in file "main.c"
 Parameters:    Size  Location     Type
		None
 Auto vars:     Size  Location     Type
  i               2    2[BANK0 ] int 
 Return value:  Size  Location     Type
		None               void
 Registers used:
		wreg, status,2, status,0, btemp+1, pclath, cstack
 Tracked objects:
		On entry : 
		On exit  : 
		Unchanged: 
 Data sizes:     COMMON   BANK0   BANK1   BANK3   BANK2
      Params:         0       0       0       0       0
      Locals:         0       2       0       0       0
      Temps:          0       0       0       0       0
      Totals:         0       2       0       0       0
Total ram usage:        2 bytes
 Hardware stack levels used:    1
 Hardware stack levels required when called:    2
 This function calls:
		_check_disrupt
		_motor_run
		_motor_stop_1s
		_time_delay_2s
 This function is called by:
		_main
 This function uses a non-reentrant model


 *************** function _time_delay_2s *****************
 Defined at:
		line 115 in file "main.c"
 Parameters:    Size  Location     Type
		None
 Auto vars:     Size  Location     Type
  i               2    0[COMMON] int 
 Return value:  Size  Location     Type
		None               void
 Registers used:
		wreg, status,2, btemp+1
 Tracked objects:
		On entry : 
		On exit  : 
		Unchanged: 
 Data sizes:     COMMON   BANK0   BANK1   BANK3   BANK2
      Params:         0       0       0       0       0
      Locals:         2       0       0       0       0
      Temps:          0       0       0       0       0
      Totals:         2       0       0       0       0
Total ram usage:        2 bytes
 Hardware stack levels used:    1
 This function calls:
		Nothing
 This function is called by:
		_motor_running_10s
 This function uses a non-reentrant model


 *************** function _motor_stop_1s *****************
 Defined at:
		line 103 in file "main.c"
 Parameters:    Size  Location     Type
		None
 Auto vars:     Size  Location     Type
  i               2    0[COMMON] int 
 Return value:  Size  Location     Type
		None               void
 Registers used:
		wreg, status,2, btemp+1
 Tracked objects:
		On entry : 
		On exit  : 
		Unchanged: 
 Data sizes:     COMMON   BANK0   BANK1   BANK3   BANK2
      Params:         0       0       0       0       0
      Locals:         2       0       0       0       0
      Temps:          0       0       0       0       0
      Totals:         2       0       0       0       0
Total ram usage:        2 bytes
 Hardware stack levels used:    1
 This function calls:
		Nothing
 This function is called by:
		_motor_running_10s
		_main
 This function uses a non-reentrant model


 *************** function _motor_run *****************
 Defined at:
		line 38 in file "main.c"
 Parameters:    Size  Location     Type
		None
 Auto vars:     Size  Location     Type
		None
 Return value:  Size  Location     Type
		None               void
 Registers used:
		None
 Tracked objects:
		On entry : 
		On exit  : 
		Unchanged: 
 Data sizes:     COMMON   BANK0   BANK1   BANK3   BANK2
      Params:         0       0       0       0       0
      Locals:         0       0       0       0       0
      Temps:          0       0       0       0       0
      Totals:         0       0       0       0       0
Total ram usage:        0 bytes
 Hardware stack levels used:    1
 This function calls:
		Nothing
 This function is called by:
		_motor_running_10s
		_main
 This function uses a non-reentrant model


 *************** function _check_disrupt *****************
 Defined at:
		line 150 in file "main.c"
 Parameters:    Size  Location     Type
		None
 Auto vars:     Size  Location     Type
		None
 Return value:  Size  Location     Type
                  2   11[COMMON] int 
 Registers used:
		wreg, status,2, status,0, pclath, cstack
 Tracked objects:
		On entry : 
		On exit  : 
		Unchanged: 
 Data sizes:     COMMON   BANK0   BANK1   BANK3   BANK2
      Params:         2       0       0       0       0
      Locals:         0       0       0       0       0
      Temps:          0       2       0       0       0
      Totals:         2       2       0       0       0
Total ram usage:        4 bytes
 Hardware stack levels used:    1
 Hardware stack levels required when called:    1
 This function calls:
		_measure
 This function is called by:
		_motor_running_10s
 This function uses a non-reentrant model


 *************** function _measure *****************
 Defined at:
		line 142 in file "main.c"
 Parameters:    Size  Location     Type
		None
 Auto vars:     Size  Location     Type
  value           2    9[COMMON] int 
 Return value:  Size  Location     Type
                  2    0[COMMON] int 
 Registers used:
		wreg, status,2, status,0
 Tracked objects:
		On entry : 
		On exit  : 
		Unchanged: 
 Data sizes:     COMMON   BANK0   BANK1   BANK3   BANK2
      Params:         2       0       0       0       0
      Locals:         2       0       0       0       0
      Temps:          7       0       0       0       0
      Totals:        11       0       0       0       0
Total ram usage:       11 bytes
 Hardware stack levels used:    1
 This function calls:
		Nothing
 This function is called by:
		_check_disrupt
		_main
 This function uses a non-reentrant model


 *************** function _measure_predelay_20ms *****************
 Defined at:
		line 93 in file "main.c"
 Parameters:    Size  Location     Type
		None
 Auto vars:     Size  Location     Type
  i               2    0[COMMON] int 
 Return value:  Size  Location     Type
		None               void
 Registers used:
		wreg, status,2, btemp+1
 Tracked objects:
		On entry : 
		On exit  : 
		Unchanged: 
 Data sizes:     COMMON   BANK0   BANK1   BANK3   BANK2
      Params:         0       0       0       0       0
      Locals:         2       0       0       0       0
      Temps:          0       0       0       0       0
      Totals:         2       0       0       0       0
Total ram usage:        2 bytes
 Hardware stack levels used:    1
 This function calls:
		Nothing
 This function is called by:
		_main
 This function uses a non-reentrant model


 *************** function _adconverter_configure *****************
 Defined at:
		line 84 in file "main.c"
 Parameters:    Size  Location     Type
		None
 Auto vars:     Size  Location     Type
		None
 Return value:  Size  Location     Type
		None               void
 Registers used:
		wreg
 Tracked objects:
		On entry : 
		On exit  : 
		Unchanged: 
 Data sizes:     COMMON   BANK0   BANK1   BANK3   BANK2
      Params:         0       0       0       0       0
      Locals:         0       0       0       0       0
      Temps:          0       0       0       0       0
      Totals:         0       0       0       0       0
Total ram usage:        0 bytes
 Hardware stack levels used:    1
 This function calls:
		Nothing
 This function is called by:
		_main
 This function uses a non-reentrant model



MODULE INFORMATION

Module		Function		Class		Link	Load	Size
shared
		__initializatio		CODE           	07F6	0000	6

shared estimated size: 6

main.c
		_rotate_change 		CODE           	068E	0000	17
		_check_disrupt 		CODE           	070F	0000	41
		_time_delay_2s 		CODE           	06D1	0000	29
		_measure       		CODE           	0738	0000	47
		_main          		CODE           	07A0	0000	86
		_motor_set     		CODE           	066B	0000	6
		_ports_configur		CODE           	067A	0000	9
		_motor_stop_1s 		CODE           	06EE	0000	33
		_adconverter_co		CODE           	0671	0000	9
		_motor_running_		CODE           	0767	0000	57
		_measure_predel		CODE           	06B4	0000	29
		_motor_run     		CODE           	069F	0000	21
		_timer1_configu		CODE           	0683	0000	11

main.c estimated size: 395

